../Core/Src/ili9341.c:10:13:ILI9341_Select	8	static
../Core/Src/ili9341.c:15:6:ILI9341_Unselect	8	static
../Core/Src/ili9341.c:20:13:ILI9341_Reset	8	static
../Core/Src/ili9341.c:28:13:ILI9341_WriteCommand	16	static
../Core/Src/ili9341.c:35:13:ILI9341_WriteData_1	24	static
../Core/Src/ili9341.c:48:13:ILI9341_WriteData_2	24	static
../Core/Src/ili9341.c:61:13:ILI9341_SetAddressWindow	32	static
../Core/Src/ili9341.c:82:6:ILI9341_Init	120	static
../Core/Src/ili9341.c:258:6:ILI9341_MinecraftInit	32	static
../Core/Src/ili9341.c:289:6:mpu9250_write_reg	16	static
../Core/Src/ili9341.c:301:6:mpu9250_read_reg	24	static
../Core/Src/ili9341.c:315:6:readGyro	8	static
../Core/Src/ili9341.c:337:6:ILI9341_renderMinecraft	248	static
