../Core/Src/ili9341.c:10:13:ILI9341_Select	8	static
../Core/Src/ili9341.c:14:6:ILI9341_Unselect	8	static
../Core/Src/ili9341.c:18:13:ILI9341_Reset	8	static
../Core/Src/ili9341.c:24:13:ILI9341_WriteCommand	16	static
../Core/Src/ili9341.c:30:13:ILI9341_WriteData	24	static
../Core/Src/ili9341.c:43:13:ILI9341_SetAddressWindow	32	static
../Core/Src/ili9341.c:62:6:ILI9341_Init	120	static
../Core/Src/ili9341.c:219:6:ILI9341_MinecraftInit	32	static
../Core/Src/ili9341.c:240:6:ILI9341_renderMinecraft	168	static
../Core/Src/ili9341.c:361:6:ILI9341_FillRectangle	32	static
../Core/Src/ili9341.c:411:6:ILI9341_FillScreen	24	static
../Core/Src/ili9341.c:415:6:ILI9341_DrawPixel	24	static
